LX51 LINKER/LOCATER V4.41                                                               03/14/2021  19:45:34  PAGE 1


LX51 LINKER/LOCATER V4.41, INVOKED BY:
C:\KEIL\C51\BIN\LX51.EXE MAIN.OBJ


CPU MODE:     8051 MODE


INPUT MODULES INCLUDED:
  MAIN.OBJ (MAIN)
         COMMENT TYPE 1: A51 / ASM51 Assembler


ACTIVE MEMORY CLASSES OF MODULE:  MAIN (MAIN)

BASE        START       END         USED      MEMORY CLASS
==========================================================
C:000000H   C:000000H   C:00FFFFH   000003H   CODE
I:000000H   I:000000H   I:00007FH   000008H   DATA


MEMORY MAP OF MODULE:  MAIN (MAIN)


START     STOP      LENGTH    ALIGN  RELOC    MEMORY CLASS   SEGMENT NAME
=========================================================================

* * * * * * * * * * *   D A T A   M E M O R Y   * * * * * * * * * * * * *
000000H   000007H   000008H   ---    AT..     DATA           "REG BANK 0"

* * * * * * * * * * *   C O D E   M E M O R Y   * * * * * * * * * * * * *
000000H   000002H   000003H   ---    OFFS..   CODE           ?CO?MAIN?0



PUBLIC SYMBOLS OF MODULE:  MAIN (MAIN)


      VALUE       CLASS    TYPE      PUBLIC SYMBOL NAME
      =================================================
      00000000H   NUMBER   ---       ?C?CODESEG
      00000000H   NUMBER   ---       ?C?XDATASEG



SYMBOL TABLE OF MODULE:  MAIN (MAIN)

      VALUE       REP       CLASS    TYPE      SYMBOL NAME
      ====================================================
      ---         MODULE    ---      ---       MAIN

Program Size: data=8.0 xdata=0 const=0 code=3
LX51 RUN COMPLETE.  0 WARNING(S),  0 ERROR(S)
